Directory of Sectors
-------------------------------------------------------------
core         Core Sector                          4    1    K
beyond       The Beyond                           -1   1    I
corridor     Corridor Sector                      2    0    I
dagud        Dagudashaag Sector                   3    1    I
deneb        Deneb Sector                         1    0    I
ealiyasi     Ealiyasiyw Sector                    1    3    I
gateway      Gateway Sector                       7    1    I
glimdrft     Glimmerdrift Reaches                 6    2    I
gush         Gushemege Sector                     2    1    I
hinter       The Hinterworlds                     6    3    I
ley          Ley Sector                           6    1    I
lishun       Lishun Sector                        4    0    I
magyar       Magyar Sector                        3    4    I
massilia     Massilia Sector                      4    2    I
oldexpan     Old Expanses                         5    3    I
reft         Reft Sector                          1    1    I
arzul        Arzul Sector                         7    -1   I
amdukan      Amdukan Sector                       6    -1   I
riftspan     Riftspan Reaches                     0    2    I
solrim       Solomani Rim                         4    4    I
spica        Spica Sector                         6    4    I
spinmar      Spinward Marches                     0    0    I
trojan       Trojan Reach                         0    1    I
vanguard     Vanguard Reaches                     -2   1    I
vland        Vland Sector                         3    0    I
antares      Antares Sector                       5    0    I
emptyq       Empty Quarter                        6    0    I
mendan       Mendan Sector                        5    -1   I
starsend     Star's End                           7    0    I
ustralq      Ustral Quadrant                      2    5    I
hlakhoi      Hlakhoi                              0    3    I
staihaia     Staihaia'yo                          0    4    I
alphacru     Alpha Crucis                         5    4    I
daibei       Daibei Sector                        3    3    I
fornast      Fornast Sector                       5    1    I
windhorn     Windhorn                             3    -1   I
ilelish      Ilelish Sector                       2    2    I
iwahfuah     Iwahfuah Sector                      1    4    I
reaversd     Reaver's Deep                        2    3    I
verge        Verge Sector                         1    2    I
zarushag     Zarushagar Sector                    3    2    I
diaspora     Diaspora Sector                      4    3    I
delphi       Delphi Sector                        5    2    I
darkneb      Dark Nebula                          2    4    I
stinjtia     Stinj Tianz                          -5   -4   I
bliardie     Bliardlie                            -4   -4   I
zhiensh      Zhiensh                              -3   -4   I
savria       Savria                               -2   -4   I
datsatl      Datsatl                              -1   -4   I
gakghang     Gakghang                             0    -4   I
thakufun     Thaku Fung                           1    -4   I
rzakki       Rzakki                               2    -4   I
listanay     Listanaya                            3    -4   I
vegferga     Veg Fergakh                          4    -4   I
dfotseth     Dfotseth                             5    -4   I
irugango     Irugangog                            6    -4   I
viajlefl     Viajlefliez                          -5   -3   I
bleblqan     Bleblqansh                           -4   -3   I
driasera     Driasera                             -3   -3   I
dalchie      Dalchie Jdatl                        -2   -3   I
ugoede       Ugoede                               -1   -3   I
ghoekhna     Ghoekhnael                           0    -3   I
ksinanir     Ksinanirz                            1    -3   I
zaokfeng     Zao Kfeng Ig Grilokh                 2    -3   I
knaeleng     Knaeleng                             3    -3   I
kharrtho     Kharrthon                            4    -3   I
oeghz        Oeghz Vaerrghr                       5    -3   I
kfazz        Kfazz Ghik                           6    -3   I
angfutsa     Angfutsag                            7    -3   I
brieplan     Brieplanz                            -5   -2   I
sidiadl      Sidiadl                              -4   -2   I
zdiedeia     Zdiedeiant                           -3   -2   I
stiatlch     Stiatlchepr                          -2   -2   I
aerenfor     Aerenfors                            -1   -2   I
knoellig     Knoellighz                           0    -2   I
dhuerorr     Dhuerorrg                            1    -2   I
ngathksi     Ngathksirz                           2    -2   I
fadzaet      Fa Dzaets                            3    -2   I
gzaekfue     Gzaekfueg                            4    -2   I
gashikan     Gashikan                             5    -2   I
trenchan     Trenchans                            6    -2   I
ktiingza     Ktiin'gzat                           7    -2   I
mugheent     Mugheen't                            8    -2   I
grikrng      Grikr!ng                             9    -2   I
ukaarrii     Ukaarriit!!b                         10   -2   I
kringNoo     Kring Noor                           11   -2   I
mbilgh       Mbil!!gh                             12   -2   I
pliabrie     Pliabriebl                           -5   -1   I
eiaplial     Eiaplial                             -4   -1   I
zhodane      Zhodane                              -3   -1   I
tienspev     Tienspevnekr                         -2   -1   I
usingou      Usingou                              -1   -1   I
gvurrdon     Gvurrdon Sector                      0    -1   I
tuglikki     Tuglikki Sector                      1    -1   I
provence     Provence Sector                      2    -1   I
meshan       Meshan Sector                        4    -1   I
gelath       Gelath                               8    -1   I
gur          Gur                                  9    -1   I
unkkng       Un'k!!k'ng                           10   -1   I
xaagr        Xaagr                                11   -1   I
eekrookr     Eekrookrigz                          12   -1   I
tsadraDa     Tsadra Davr                          -5   0    I
tsadra       Tsadra                               -4   0    I
yiklerzd     Yiklerzdanzh                         -3   0    I
farfront     Far Frontiers                        -2   0    I
foreven      Foreven                              -1   0    I
ghhken       Gh!hken                              8    0    I
ruupiin      Ruupiin                              9    0    I
raakaan      Raakaan                              10   0    I
uuk          Uuk                                  11   0    I
gnaaiimb     Gnaa Iimb'kr                         12   0    I
chieplzh     Chiepl Zhez                          -5   1    I
astron       Astron                               -4   1    I
fulani       Fulani                               -3   1    I
luretiir     Luretiir!girr                        8    1    I
xkug         X'kug                                9    1    I
kilong       Kilong                               10   1    I
barkakr      Bar'kakr                             11   1    I
mighaboh     Mighabohk                            12   1    I
thetabor     Theta Borealis                       -4   2    I
theron       Theron                               -3   2    I
iphigena     Iphigenaia                           -2   2    I
touchsto     Touchstone                           -1   2    I
crucisma     Crucis Margin                        7    2    I
kaagkul      Kaa G!'kul                           8    2    I
gzirrkl      Gzirr!k'l                            9    2    I
ktrekree     K'trekreer                           10   2    I
nuughe       Nuughe                               11   2    I
nkrumbii     N!!krumbiix                          12   2    I
khaeaw       Khaeaw                               -4   3    I
faoheiro     Faoheiroi'iyhao                      -3   3    I
ftaoiyek     Ftaoiyekyu                           -2   3    I
afawahis     Afawahisa                            -1   3    I
leonidae     Leonidae                             7    3    I
extolian     Extolian                             8    3    I
ricenden     Ricenden                             9    3    I
blaskon      Blaskon                              10   3    I
nooq         Nooq                                 11   3    I
gzektixk     Gzektixk                             12   3    I
hkakhaea     Hkakhaeaw                            -4   4    I
esaiyo       Esai'yo                              -3   4    I
waroatah     Waroatahe                            -2   4    I
karleaya     Karleaya                             -1   4    I
phlask       Phlask                               7    4    I
centrax      Centrax                              8    4    I
wrenton      Wrenton                              9    4    I
folgore      Folgore                              10   4    I
averegua     Avereguar                            11   4    I
yahehwe      Yahehwe                              -4   5    I
kefiykht     Kefiykhta                            -3   5    I
heakhafa     Heakhafaw                            -2   5    I
etakhaso     Etakhasoa                            -1   5    I
aktifao      Aktifao Sector                       0    5    I
uistilao     Uistilao Sector                      1    5    I
canopus      Canopus Sector                       3    5    I
aldebara     Aldebaran Sector                     4    5    I
neworld      Neworld Sector                       5    5    I
langere      Langere Sector                       6    5    I
drakken      Drakken                              7    5    I
lorspane     Lorspane                             8    5    I
porlock      Porlock                              9    5    I
kidunal      Kidunal                              10   5    I
treece       Treece                               11   5    I
ohieraoi     Ohieraoi                             -4   6    I
pahreahl     Pahreahluis                          -3   6    I
hfiywiti     Hfiywitir                            -2   6    I
irlaftal     Irlaftalea                           -1   6    I
teahloar     Teahloarifu                          0    6    I
ahkiweah     Ahkiweahi                            1    6    I
banners      Banners                              2    6    I
hadji        Hadji                                5    6    I
storr        Storr                                6    6    I
mikhail      Mikhail                              7    6    I
darret       Darret                               8    6    I
ataurre      Ataurre                              9    6    I
katoonah     Katoonah                             10   6    I
uytal        Uytal                                11   6    I
rimreach     RimReach                             5    7    I
phlange      Phlange                              6    7    I
tracerie     Tracerie                             7    7    I
malorn       Malorn                               4    6    I
hanstone     Hanstone                             3    6    I
